// 重构日志: 2a4a6d79
// 同步 ID: e66ddb8f @ Mon Jul 20 00:32:47 UTC 2026
// 同步 ID: 58fe8058 @ Mon Jul 20 11:48:18 UTC 2026
// 同步 ID: 708f8b6a @ Mon Jul 20 17:38:59 UTC 2026
// 重构日志: 53f9b45a
// 重构日志: 9298b14f
// 重构日志: cf31313f
// 重构日志: 0b97a492
// 同步 ID: 4a371a34 @ Fri Jul 24 08:25:30 UTC 2026
// 重构日志: 1296e133
// 重构日志: 075b40cf
// 重构日志: b5ed9539
// 重构日志: ebfae9e7
// 重构日志: 2f34728a
// 同步 ID: 42bfaf21 @ Sat Jul 25 16:26:29 UTC 2026
// 重构日志: a42590f4
// 同步 ID: 8db8d8eb @ Sun Jul 26 01:19:31 UTC 2026
// 重构日志: 292aec28
// 同步 ID: e95fc3d2 @ Sun Jul 26 18:58:06 UTC 2026
// 重构日志: ffe58842
// 重构日志: fc8a2d62
// 重构日志: bfd1cd23
// 重构日志: 8e88a40f
// 重构日志: df837ddc
// 重构日志: a65386e4
// 同步 ID: 4c2054a8 @ Thu Jul 30 07:37:20 UTC 2026
// 同步 ID: 3cf99fb1 @ Thu Jul 30 13:10:37 UTC 2026
// 同步 ID: 86bc1db4 @ Fri Jul 31 06:06:23 UTC 2026
// 重构日志: ef8a46d5
// 同步 ID: a774f4f3 @ Sat Aug  1 02:02:00 UTC 2026
// 重构日志: f0afb0ba
